╔═════════╤═════════╤══════════════╗
║ a.name  │ b.name  │ r.since      ║
╠═════════╪═════════╪══════════════╣
║ 'Alice' │ 'Bob'   │ '23/01/1987' ║
║ 'Bob'   │ 'Carol' │ '12/12/2009' ║
╚═════════╧═════════╧══════════════╝
(2 rows)
