╔═════════╤═════╤═════════════════╗
║ c.name  │ age │ p.title         ║
╠═════════╪═════╪═════════════════╣
║ 'Alice' │ 10  │ 'Terminator 2'  ║
║ 'Alice' │ 10  │ '1984'          ║
║ 'Carol' │ 15  │ 'Shakira'       ║
║ 'Carol' │ 15  │ 'Jurassic Park' ║
╚═════════╧═════╧═════════════════╝
(4 rows)
