+------+------+
|a_name|b_name|
+------+------+
| Alice|   Bob|
|   Bob| Carol|
+------+------+

