╔══════════════════════════════════════════╗
║ n                                        ║
╠══════════════════════════════════════════╣
║ (:`Person` {`age`: 10, `name`: 'Alice'}) ║
║ (:`Person` {`age`: 20, `name`: 'Bob'})   ║
║ (:`Person` {`age`: 15, `name`: 'Carol'}) ║
╚══════════════════════════════════════════╝
(3 rows)
