╔═════════╤════════════════════╗
║ name    │ rank               ║
╠═════════╪════════════════════╣
║ 'Carol' │ 1.4232365145228216 ║
║ 'Bob'   │ 1.0235131396957122 ║
║ 'Alice' │ 0.5532503457814661 ║
╚═════════╧════════════════════╝
(3 rows)
