╔═════╤══════════════╤═══════════════╗
║ id  │ property_age │ property_name ║
╠═════╪══════════════╪═══════════════╣
║ [1] │ 20           │ 'Bob'         ║
║ [2] │ 15           │ 'Carol'       ║
╚═════╧══════════════╧═══════════════╝
(2 rows)
