╔═════════════════╤═══════╗
║ recommendation  │ for   ║
╠═════════════════╪═══════╣
║ '1984'          │ 'Bob' ║
║ 'Jurassic Park' │ 'Bob' ║
║ 'Shakira'       │ 'Bob' ║
║ 'Terminator 2'  │ 'Bob' ║
╚═════════════════╧═══════╝
(4 rows)
