╔══════════════════════════════════════════╗
║ p                                        ║
╠══════════════════════════════════════════╣
║ (:`Person` {`age`: 11, `name`: 'Alice'}) ║
║ (:`Person` {`age`: 21, `name`: 'Bob'})   ║
║ (:`Person` {`age`: 16, `name`: 'Carol'}) ║
║ (:`Person` {`age`: 25, `name`: 'Tim'})   ║
╚══════════════════════════════════════════╝
(4 rows)
╔══════════════════════════════════════════╤═════════════════════════════════════════════════╤══════════════════════════════════════════╗
║ p                                        │ r                                               │ o                                        ║
╠══════════════════════════════════════════╪═════════════════════════════════════════════════╪══════════════════════════════════════════╣
║ (:`Person` {`age`: 11, `name`: 'Alice'}) │ [:`FRIEND_OF` {`id`: 0, `since`: '23/01/1987'}] │ (:`Person` {`age`: 21, `name`: 'Bob'})   ║
║ (:`Person` {`age`: 21, `name`: 'Bob'})   │ [:`MARRIED_TO` {`id`: 1}]                       │ (:`Person` {`age`: 25, `name`: 'Tim'})   ║
║ (:`Person` {`age`: 21, `name`: 'Bob'})   │ [:`FRIEND_OF` {`id`: 1, `since`: '12/12/2009'}] │ (:`Person` {`age`: 16, `name`: 'Carol'}) ║
║ (:`Person` {`age`: 16, `name`: 'Carol'}) │ [:`FRIEND_OF` {`id`: 2, `since`: '23/01/2019'}] │ (:`Person` {`age`: 25, `name`: 'Tim'})   ║
║ (:`Person` {`age`: 25, `name`: 'Tim'})   │ null                                            │ null                                     ║
╚══════════════════════════════════════════╧═════════════════════════════════════════════════╧══════════════════════════════════════════╝
(5 rows)
