╔═════════╗
║ b.name  ║
╠═════════╣
║ 'Carol' ║
╚═════════╝
(1 row)
