╔══════════╗
║ count(n) ║
╠══════════╣
║ 3259     ║
╚══════════╝
(1 row)
Node labels {
	:Order
		customerID: STRING?
		orderID: INTEGER
		orderDate: STRING?
		shipAddress: STRING?
		shipRegion: STRING?
		freight: INTEGER?
		shipCity: STRING?
		shipCountry: STRING?
		shipName: STRING?
		employeeID: INTEGER?
		shippedDate: STRING?
		requiredDate: STRING?
		shipPostalCode: STRING?
		shipVia: INTEGER?
	:CustomerDemographic
		customerTypeID: STRING
		customerDesc: STRING?
	:OrderDetails
		quantity: INTEGER
		orderID: INTEGER
		productID: INTEGER
		unitPrice: INTEGER
		discount: INTEGER
	:Product
		categoryID: INTEGER?
		discontinued: INTEGER
		unitsOnOrder: INTEGER?
		quantityPerUnit: STRING?
		reorderLevel: INTEGER?
		supplierID: INTEGER?
		productName: STRING
		unitsInStock: INTEGER?
		productID: INTEGER
		unitPrice: INTEGER?
	:Employee
		city: STRING?
		hireDate: STRING?
		photoPath: STRING?
		country: STRING?
		postalCode: STRING?
		reportsTo: INTEGER?
		lastName: STRING
		firstName: STRING
		birthDate: STRING?
		homePhone: STRING?
		employeeID: INTEGER
		region: STRING?
		address: STRING?
		title: STRING?
		titleOfCourtesy: STRING?
		extension: STRING?
	:Category
		categoryID: INTEGER
		categoryName: STRING
		description: STRING?
	:Supplier
		city: STRING?
		homePage: STRING?
		country: STRING?
		postalCode: STRING?
		contactName: STRING?
		supplierID: INTEGER
		fax: STRING?
		companyName: STRING
		region: STRING?
		address: STRING?
		contactTitle: STRING?
		phone: STRING?
	:Territory
		territoryID: STRING
		territoryDescription: STRING
		regionID: INTEGER
	:Shipper
		shipperID: INTEGER
		companyName: STRING
		phone: STRING?
	:Customer
		customerID: STRING
		city: STRING?
		country: STRING?
		postalCode: STRING?
		contactName: STRING?
		fax: STRING?
		companyName: STRING
		region: STRING?
		address: STRING?
		contactTitle: STRING?
		phone: STRING?
	:Region
		regionID: INTEGER
		regionDescription: STRING
}
no label implications
Rel types {
	:REPORTS_TO
	:HAS_CUSTOMER
	:HAS_ORDER
	:HAS_EMPLOYEE
	:HAS_SUPPLIER
	:HAS_SHIPPER
	:HAS_PRODUCT
	:HAS_REGION
	:HAS_CATEGORY
	:HAS_TERRITORY
	:HAS_CUSTOMER_DEMOGRAPHIC
}
Explicit schema patterns {
	(:OrderDetails)-[:HAS_ORDER]->(:Order)
	(:Product)-[:HAS_CATEGORY]->(:Category)
	(:Employee)-[:HAS_TERRITORY]->(:Territory)
	(:Employee)-[:REPORTS_TO]->(:Employee)
	(:Product)-[:HAS_SUPPLIER]->(:Supplier)
	(:Order)-[:HAS_SHIPPER]->(:Shipper)
	(:OrderDetails)-[:HAS_PRODUCT]->(:Product)
	(:CustomerDemographic)-[:HAS_CUSTOMER]->(:Customer)
	(:Order)-[:HAS_CUSTOMER]->(:Customer)
	(:Territory)-[:HAS_REGION]->(:Region)
	(:Order)-[:HAS_EMPLOYEE]->(:Employee)
	(:Territory)-[:HAS_EMPLOYEE]->(:Employee)
	(:Customer)-[:HAS_CUSTOMER_DEMOGRAPHIC]->(:CustomerDemographic)
}

╔══════════╤═════════════╤═════════════╤════════════════════════════╗
║ customer │ orderedAt   │ handledBy   │ employee                   ║
╠══════════╪═════════════╪═════════════╪════════════════════════════╣
║ 'LAUGB'  │ '1/1/1998'  │ 'Buchanan'  │ 'Sales Manager'            ║
║ 'OLDWO'  │ '1/1/1998'  │ 'Buchanan'  │ 'Sales Manager'            ║
║ 'LAUGB'  │ '1/1/1998'  │ 'Callahan'  │ 'Inside Sales Coordinator' ║
║ 'OLDWO'  │ '1/1/1998'  │ 'Callahan'  │ 'Inside Sales Coordinator' ║
║ 'LAUGB'  │ '1/1/1998'  │ 'Davolio'   │ 'Sales Representative'     ║
║ 'OLDWO'  │ '1/1/1998'  │ 'Davolio'   │ 'Sales Representative'     ║
║ 'LAUGB'  │ '1/1/1998'  │ 'Leverling' │ 'Sales Representative'     ║
║ 'OLDWO'  │ '1/1/1998'  │ 'Leverling' │ 'Sales Representative'     ║
║ 'LAUGB'  │ '1/1/1998'  │ 'Peacock'   │ 'Sales Representative'     ║
║ 'OLDWO'  │ '1/1/1998'  │ 'Peacock'   │ 'Sales Representative'     ║
║ 'FAMIA'  │ '1/14/1997' │ 'Buchanan'  │ 'Sales Manager'            ║
║ 'FAMIA'  │ '1/14/1997' │ 'Callahan'  │ 'Inside Sales Coordinator' ║
║ 'FAMIA'  │ '1/14/1997' │ 'Davolio'   │ 'Sales Representative'     ║
║ 'FAMIA'  │ '1/14/1997' │ 'Leverling' │ 'Sales Representative'     ║
║ 'FAMIA'  │ '1/14/1997' │ 'Peacock'   │ 'Sales Representative'     ║
║ 'LAMAI'  │ '1/14/1998' │ 'Buchanan'  │ 'Sales Manager'            ║
║ 'LAMAI'  │ '1/14/1998' │ 'Callahan'  │ 'Inside Sales Coordinator' ║
║ 'LAMAI'  │ '1/14/1998' │ 'Davolio'   │ 'Sales Representative'     ║
║ 'LAMAI'  │ '1/14/1998' │ 'Leverling' │ 'Sales Representative'     ║
║ 'LAMAI'  │ '1/14/1998' │ 'Peacock'   │ 'Sales Representative'     ║
║ 'REGGC'  │ '1/2/1998'  │ 'Dodsworth' │ 'Sales Representative'     ║
║ 'REGGC'  │ '1/2/1998'  │ 'King'      │ 'Sales Representative'     ║
║ 'REGGC'  │ '1/2/1998'  │ 'Suyama'    │ 'Sales Representative'     ║
║ 'SUPRD'  │ '1/20/1998' │ 'Dodsworth' │ 'Sales Representative'     ║
║ 'SUPRD'  │ '1/20/1998' │ 'King'      │ 'Sales Representative'     ║
║ 'SUPRD'  │ '1/20/1998' │ 'Suyama'    │ 'Sales Representative'     ║
║ 'FRANS'  │ '1/22/1997' │ 'Buchanan'  │ 'Sales Manager'            ║
║ 'FRANS'  │ '1/22/1997' │ 'Callahan'  │ 'Inside Sales Coordinator' ║
║ 'FRANS'  │ '1/22/1997' │ 'Davolio'   │ 'Sales Representative'     ║
║ 'FRANS'  │ '1/22/1997' │ 'Leverling' │ 'Sales Representative'     ║
║ 'FRANS'  │ '1/22/1997' │ 'Peacock'   │ 'Sales Representative'     ║
║ 'SUPRD'  │ '1/22/1998' │ 'Buchanan'  │ 'Sales Manager'            ║
║ 'SUPRD'  │ '1/22/1998' │ 'Callahan'  │ 'Inside Sales Coordinator' ║
║ 'SUPRD'  │ '1/22/1998' │ 'Davolio'   │ 'Sales Representative'     ║
║ 'SUPRD'  │ '1/22/1998' │ 'Leverling' │ 'Sales Representative'     ║
║ 'SUPRD'  │ '1/22/1998' │ 'Peacock'   │ 'Sales Representative'     ║
║ 'RICAR'  │ '1/26/1998' │ 'Dodsworth' │ 'Sales Representative'     ║
║ 'RICAR'  │ '1/26/1998' │ 'King'      │ 'Sales Representative'     ║
║ 'RICAR'  │ '1/26/1998' │ 'Suyama'    │ 'Sales Representative'     ║
║ 'LACOR'  │ '1/29/1998' │ 'Buchanan'  │ 'Sales Manager'            ║
║ 'LACOR'  │ '1/29/1998' │ 'Callahan'  │ 'Inside Sales Coordinator' ║
║ 'LACOR'  │ '1/29/1998' │ 'Davolio'   │ 'Sales Representative'     ║
║ 'LACOR'  │ '1/29/1998' │ 'Leverling' │ 'Sales Representative'     ║
║ 'LACOR'  │ '1/29/1998' │ 'Peacock'   │ 'Sales Representative'     ║
║ 'MAGAA'  │ '1/3/1997'  │ 'Buchanan'  │ 'Sales Manager'            ║
║ 'MAGAA'  │ '1/3/1997'  │ 'Callahan'  │ 'Inside Sales Coordinator' ║
║ 'MAGAA'  │ '1/3/1997'  │ 'Davolio'   │ 'Sales Representative'     ║
║ 'MAGAA'  │ '1/3/1997'  │ 'Leverling' │ 'Sales Representative'     ║
║ 'MAGAA'  │ '1/3/1997'  │ 'Peacock'   │ 'Sales Representative'     ║
║ 'SAVEA'  │ '1/5/1998'  │ 'Buchanan'  │ 'Sales Manager'            ║
╚══════════╧═════════════╧═════════════╧════════════════════════════╝
(50 rows)
