╔═════════════════╤═════════╗
║ product         │ name    ║
╠═════════════════╪═════════╣
║ 'Terminator 2'  │ 'Eve'   ║
║ 'Cryptonomicon' │ 'Trudy' ║
║ '1984'          │ 'Bob'   ║
╚═════════════════╧═════════╝
(3 rows)
