CAPSNode(id=0x01, labels=Set(Person, Adult), properties=Map(name -> Bob, age -> 20, canVote -> true))
