╔═════════════════════════╤════════════╤═════════════════════════╗
║ p                       │ r          │ e                       ║
╠═════════════════════════╪════════════╪═════════════════════════╣
║ (:`Person` {`age`: 18}) │ [:`KNOWS`] │ (:`Person` {`age`: 20}) ║
║ (:`Person` {`age`: 22}) │ [:`KNOWS`] │ (:`Person` {`age`: 20}) ║
╚═════════════════════════╧════════════╧═════════════════════════╝
(2 rows)
